This is pdfTeX, Version 3.141592653-2.6-1.40.25 (MiKTeX 24.1) (preloaded format=pdflatex 2025.5.14)  19 MAR 2026 07:48
entering extended mode
 restricted \write18 enabled.
 %&-line parsing enabled.
**./Examenes_SOL.tex
(Examenes_SOL.tex
LaTeX2e <2023-11-01> patch level 1
L3 programming layer <2024-01-04>
(C:\Users\L01032102\AppData\Local\Programs\MiKTeX\tex/latex/base\report.cls
Document Class: report 2023/05/17 v1.4n Standard LaTeX document class
(C:\Users\L01032102\AppData\Local\Programs\MiKTeX\tex/latex/base\size10.clo
File: size10.clo 2023/05/17 v1.4n Standard LaTeX file (size option)
)
\c@part=\count187
\c@chapter=\count188
\c@section=\count189
\c@subsection=\count190
\c@subsubsection=\count191
\c@paragraph=\count192
\c@subparagraph=\count193
\c@figure=\count194
\c@table=\count195
\abovecaptionskip=\skip48
\belowcaptionskip=\skip49
\bibindent=\dimen140
)
(C:\Users\L01032102\AppData\Local\Programs\MiKTeX\tex/latex/graphics\graphicx.s
ty
Package: graphicx 2021/09/16 v1.2d Enhanced LaTeX Graphics (DPC,SPQR)

(C:\Users\L01032102\AppData\Local\Programs\MiKTeX\tex/latex/graphics\keyval.sty
Package: keyval 2022/05/29 v1.15 key=value parser (DPC)
\KV@toks@=\toks17
)
(C:\Users\L01032102\AppData\Local\Programs\MiKTeX\tex/latex/graphics\graphics.s
ty
Package: graphics 2022/03/10 v1.4e Standard LaTeX Graphics (DPC,SPQR)

(C:\Users\L01032102\AppData\Local\Programs\MiKTeX\tex/latex/graphics\trig.sty
Package: trig 2021/08/11 v1.11 sin cos tan (DPC)
)
(C:\Users\L01032102\AppData\Local\Programs\MiKTeX\tex/latex/graphics-cfg\graphi
cs.cfg
File: graphics.cfg 2016/06/04 v1.11 sample graphics configuration
)
Package graphics Info: Driver file: pdftex.def on input line 107.

(C:\Users\L01032102\AppData\Local\Programs\MiKTeX\tex/latex/graphics-def\pdftex
.def
File: pdftex.def 2022/09/22 v1.2b Graphics/color driver for pdftex
))
\Gin@req@height=\dimen141
\Gin@req@width=\dimen142
)
(C:\Users\L01032102\AppData\Local\Programs\MiKTeX\tex/latex/l3backend\l3backend
-pdftex.def
File: l3backend-pdftex.def 2024-01-04 L3 backend support: PDF output (pdfTeX)
\l__color_backend_stack_int=\count196
\l__pdf_internal_box=\box51
)

LaTeX Warning: Unused global option(s):
    [8pt].

(Examenes_SOL.aux)
\openout1 = `Examenes_SOL.aux'.

LaTeX Font Info:    Checking defaults for OML/cmm/m/it on input line 12.
LaTeX Font Info:    ... okay on input line 12.
LaTeX Font Info:    Checking defaults for OMS/cmsy/m/n on input line 12.
LaTeX Font Info:    ... okay on input line 12.
LaTeX Font Info:    Checking defaults for OT1/cmr/m/n on input line 12.
LaTeX Font Info:    ... okay on input line 12.
LaTeX Font Info:    Checking defaults for T1/cmr/m/n on input line 12.
LaTeX Font Info:    ... okay on input line 12.
LaTeX Font Info:    Checking defaults for TS1/cmr/m/n on input line 12.
LaTeX Font Info:    ... okay on input line 12.
LaTeX Font Info:    Checking defaults for OMX/cmex/m/n on input line 12.
LaTeX Font Info:    ... okay on input line 12.
LaTeX Font Info:    Checking defaults for U/cmr/m/n on input line 12.
LaTeX Font Info:    ... okay on input line 12.

(C:\Users\L01032102\AppData\Local\Programs\MiKTeX\tex/context/base/mkii\supp-pd
f.mkii
[Loading MPS to PDF converter (version 2006.09.02).]
\scratchcounter=\count197
\scratchdimen=\dimen143
\scratchbox=\box52
\nofMPsegments=\count198
\nofMParguments=\count199
\everyMPshowfont=\toks18
\MPscratchCnt=\count266
\MPscratchDim=\dimen144
\MPnumerator=\count267
\makeMPintoPDFobject=\count268
\everyMPtoPDFconversion=\toks19
)
(C:\Users\L01032102\AppData\Local\Programs\MiKTeX\tex/latex/epstopdf-pkg\epstop
df-base.sty
Package: epstopdf-base 2020-01-24 v2.11 Base part for package epstopdf
Package epstopdf-base Info: Redefining graphics rule for `.eps' on input line 4
85.

(C:\Users\L01032102\AppData\Local\Programs\MiKTeX\tex/latex/00miktex\epstopdf-s
ys.cfg
File: epstopdf-sys.cfg 2021/03/18 v2.0 Configuration of epstopdf for MiKTeX
))
LaTeX Font Info:    External font `cmex10' loaded for size
(Font)              <7> on input line 13.
LaTeX Font Info:    External font `cmex10' loaded for size
(Font)              <5> on input line 13.

Underfull \hbox (badness 10000) in paragraph at lines 13--18

 []


Underfull \hbox (badness 10000) in paragraph at lines 23--25

 []


Underfull \hbox (badness 10000) in paragraph at lines 32--39

 []


Underfull \hbox (badness 10000) in paragraph at lines 42--44

 []

[1

{C:/Users/L01032102/AppData/Local/MiKTeX/fonts/map/pdftex/pdftex.map}]
Underfull \hbox (badness 10000) in paragraph at lines 48--53

 []


Underfull \hbox (badness 10000) in paragraph at lines 58--60

 []


Underfull \hbox (badness 10000) in paragraph at lines 67--74

 []


Underfull \hbox (badness 10000) in paragraph at lines 77--79

 []

[2]
Underfull \hbox (badness 10000) in paragraph at lines 83--88

 []


Underfull \hbox (badness 10000) in paragraph at lines 93--95

 []


Underfull \hbox (badness 10000) in paragraph at lines 102--109

 []


Underfull \hbox (badness 10000) in paragraph at lines 112--114

 []

[3]
Underfull \hbox (badness 10000) in paragraph at lines 118--123

 []


Underfull \hbox (badness 10000) in paragraph at lines 128--130

 []


Underfull \hbox (badness 10000) in paragraph at lines 137--144

 []


Underfull \hbox (badness 10000) in paragraph at lines 147--149

 []

[4]
Underfull \hbox (badness 10000) in paragraph at lines 153--158

 []


Underfull \hbox (badness 10000) in paragraph at lines 163--165

 []


Underfull \hbox (badness 10000) in paragraph at lines 172--179

 []


Underfull \hbox (badness 10000) in paragraph at lines 182--184

 []

[5]
Underfull \hbox (badness 10000) in paragraph at lines 188--193

 []


Underfull \hbox (badness 10000) in paragraph at lines 198--200

 []


Underfull \hbox (badness 10000) in paragraph at lines 207--214

 []


Underfull \hbox (badness 10000) in paragraph at lines 217--219

 []

[6]
Underfull \hbox (badness 10000) in paragraph at lines 223--228

 []


Underfull \hbox (badness 10000) in paragraph at lines 233--235

 []


Underfull \hbox (badness 10000) in paragraph at lines 242--249

 []


Underfull \hbox (badness 10000) in paragraph at lines 252--254

 []

[7]
Underfull \hbox (badness 10000) in paragraph at lines 258--263

 []


Underfull \hbox (badness 10000) in paragraph at lines 268--270

 []


Underfull \hbox (badness 10000) in paragraph at lines 277--284

 []


Underfull \hbox (badness 10000) in paragraph at lines 287--289

 []

[8]
Underfull \hbox (badness 10000) in paragraph at lines 293--298

 []


Underfull \hbox (badness 10000) in paragraph at lines 303--305

 []


Underfull \hbox (badness 10000) in paragraph at lines 312--319

 []


Underfull \hbox (badness 10000) in paragraph at lines 322--324

 []

[9]
Underfull \hbox (badness 10000) in paragraph at lines 328--333

 []


Underfull \hbox (badness 10000) in paragraph at lines 338--340

 []


Underfull \hbox (badness 10000) in paragraph at lines 347--354

 []


Underfull \hbox (badness 10000) in paragraph at lines 357--359

 []

[10]
Underfull \hbox (badness 10000) in paragraph at lines 363--368

 []


Underfull \hbox (badness 10000) in paragraph at lines 373--375

 []


Underfull \hbox (badness 10000) in paragraph at lines 382--389

 []


Underfull \hbox (badness 10000) in paragraph at lines 392--394

 []

[11]
Underfull \hbox (badness 10000) in paragraph at lines 398--403

 []


Underfull \hbox (badness 10000) in paragraph at lines 408--410

 []


Underfull \hbox (badness 10000) in paragraph at lines 417--424

 []


Underfull \hbox (badness 10000) in paragraph at lines 427--429

 []

[12]
Underfull \hbox (badness 10000) in paragraph at lines 433--438

 []


Underfull \hbox (badness 10000) in paragraph at lines 443--445

 []


Underfull \hbox (badness 10000) in paragraph at lines 452--459

 []


Underfull \hbox (badness 10000) in paragraph at lines 462--464

 []

[13]
Underfull \hbox (badness 10000) in paragraph at lines 468--473

 []


Underfull \hbox (badness 10000) in paragraph at lines 478--480

 []


Underfull \hbox (badness 10000) in paragraph at lines 487--494

 []


Underfull \hbox (badness 10000) in paragraph at lines 497--499

 []

[14]
Underfull \hbox (badness 10000) in paragraph at lines 503--508

 []


Underfull \hbox (badness 10000) in paragraph at lines 513--515

 []


Underfull \hbox (badness 10000) in paragraph at lines 522--529

 []


Underfull \hbox (badness 10000) in paragraph at lines 532--534

 []

[15]
Underfull \hbox (badness 10000) in paragraph at lines 538--543

 []


Underfull \hbox (badness 10000) in paragraph at lines 548--550

 []


Underfull \hbox (badness 10000) in paragraph at lines 557--564

 []


Underfull \hbox (badness 10000) in paragraph at lines 567--569

 []

[16]
Underfull \hbox (badness 10000) in paragraph at lines 573--578

 []


Underfull \hbox (badness 10000) in paragraph at lines 583--585

 []


Underfull \hbox (badness 10000) in paragraph at lines 592--599

 []


Underfull \hbox (badness 10000) in paragraph at lines 602--604

 []

[17]
Underfull \hbox (badness 10000) in paragraph at lines 608--613

 []


Underfull \hbox (badness 10000) in paragraph at lines 618--620

 []


Underfull \hbox (badness 10000) in paragraph at lines 627--634

 []


Underfull \hbox (badness 10000) in paragraph at lines 637--639

 []

[18]
Underfull \hbox (badness 10000) in paragraph at lines 643--648

 []


Underfull \hbox (badness 10000) in paragraph at lines 653--655

 []


Underfull \hbox (badness 10000) in paragraph at lines 662--669

 []


Underfull \hbox (badness 10000) in paragraph at lines 672--674

 []

[19]
Underfull \hbox (badness 10000) in paragraph at lines 678--683

 []


Underfull \hbox (badness 10000) in paragraph at lines 688--690

 []


Underfull \hbox (badness 10000) in paragraph at lines 697--704

 []


Underfull \hbox (badness 10000) in paragraph at lines 707--709

 []

[20] (Examenes_SOL.aux)
 ***********
LaTeX2e <2023-11-01> patch level 1
L3 programming layer <2024-01-04>
 ***********
 ) 
Here is how much of TeX's memory you used:
 1292 strings out of 474486
 21774 string characters out of 5741867
 1931542 words of memory out of 5000000
 23626 multiletter control sequences out of 15000+600000
 558069 words of font info for 36 fonts, out of 8000000 for 9000
 1141 hyphenation exceptions out of 8191
 57i,5n,65p,205b,100s stack positions out of 10000i,1000n,20000p,200000b,200000s
<C:/Users/L01032102/AppData/Local/Programs/MiKTeX/fonts/type1/public/amsfonts
/cm/cmmi10.pfb><C:/Users/L01032102/AppData/Local/Programs/MiKTeX/fonts/type1/pu
blic/amsfonts/cm/cmr10.pfb><C:/Users/L01032102/AppData/Local/Programs/MiKTeX/fo
nts/type1/public/amsfonts/cm/cmsy10.pfb>
Output written on Examenes_SOL.pdf (20 pages, 76048 bytes).
PDF statistics:
 82 PDF objects out of 1000 (max. 8388607)
 0 named destinations out of 1000 (max. 500000)
 1 words of extra memory for PDF output out of 10000 (max. 10000000)

