This is pdfTeX, Version 3.141592653-2.6-1.40.22 (MiKTeX 21.2) (preloaded format=pdflatex 2021.3.10)  12 MAR 2026 22:14
entering extended mode
**./Examenes.tex
(Examenes.tex
LaTeX2e <2020-10-01> patch level 4
L3 programming layer <2021-02-18> xparse <2020-03-03>
(C:\Users\Dr. Pacheco\AppData\Local\Programs\MiKTeX\tex/latex/base\report.cls
Document Class: report 2020/04/10 v1.4m Standard LaTeX document class
(C:\Users\Dr. Pacheco\AppData\Local\Programs\MiKTeX\tex/latex/base\size10.clo
File: size10.clo 2020/04/10 v1.4m Standard LaTeX file (size option)
)
\c@part=\count179
\c@chapter=\count180
\c@section=\count181
\c@subsection=\count182
\c@subsubsection=\count183
\c@paragraph=\count184
\c@subparagraph=\count185
\c@figure=\count186
\c@table=\count187
\abovecaptionskip=\skip47
\belowcaptionskip=\skip48
\bibindent=\dimen138
)
(C:\Users\Dr. Pacheco\AppData\Local\Programs\MiKTeX\tex/latex/graphics\graphicx
.sty
Package: graphicx 2020/09/09 v1.2b Enhanced LaTeX Graphics (DPC,SPQR)

(C:\Users\Dr. Pacheco\AppData\Local\Programs\MiKTeX\tex/latex/graphics\keyval.s
ty
Package: keyval 2014/10/28 v1.15 key=value parser (DPC)
\KV@toks@=\toks15
)
(C:\Users\Dr. Pacheco\AppData\Local\Programs\MiKTeX\tex/latex/graphics\graphics
.sty
Package: graphics 2020/08/30 v1.4c Standard LaTeX Graphics (DPC,SPQR)

(C:\Users\Dr. Pacheco\AppData\Local\Programs\MiKTeX\tex/latex/graphics\trig.sty
Package: trig 2016/01/03 v1.10 sin cos tan (DPC)
)
(C:\Users\Dr. Pacheco\AppData\Local\Programs\MiKTeX\tex/latex/graphics-cfg\grap
hics.cfg
File: graphics.cfg 2016/06/04 v1.11 sample graphics configuration
)
Package graphics Info: Driver file: pdftex.def on input line 105.

(C:\Users\Dr. Pacheco\AppData\Local\Programs\MiKTeX\tex/latex/graphics-def\pdft
ex.def
File: pdftex.def 2020/10/05 v1.2a Graphics/color driver for pdftex
))
\Gin@req@height=\dimen139
\Gin@req@width=\dimen140
)
(C:\Users\Dr. Pacheco\AppData\Local\Programs\MiKTeX\tex/latex/l3backend\l3backe
nd-pdftex.def
File: l3backend-pdftex.def 2021-03-02 L3 backend support: PDF output (pdfTeX)
\l__color_backend_stack_int=\count188
\l__pdf_internal_box=\box47
)

LaTeX Warning: Unused global option(s):
    [8pt].

(Examenes.aux)
\openout1 = `Examenes.aux'.

LaTeX Font Info:    Checking defaults for OML/cmm/m/it on input line 12.
LaTeX Font Info:    ... okay on input line 12.
LaTeX Font Info:    Checking defaults for OMS/cmsy/m/n on input line 12.
LaTeX Font Info:    ... okay on input line 12.
LaTeX Font Info:    Checking defaults for OT1/cmr/m/n on input line 12.
LaTeX Font Info:    ... okay on input line 12.
LaTeX Font Info:    Checking defaults for T1/cmr/m/n on input line 12.
LaTeX Font Info:    ... okay on input line 12.
LaTeX Font Info:    Checking defaults for TS1/cmr/m/n on input line 12.
LaTeX Font Info:    ... okay on input line 12.
LaTeX Font Info:    Checking defaults for OMX/cmex/m/n on input line 12.
LaTeX Font Info:    ... okay on input line 12.
LaTeX Font Info:    Checking defaults for U/cmr/m/n on input line 12.
LaTeX Font Info:    ... okay on input line 12.

(C:\Users\Dr. Pacheco\AppData\Local\Programs\MiKTeX\tex/context/base/mkii\supp-
pdf.mkii
[Loading MPS to PDF converter (version 2006.09.02).]
\scratchcounter=\count189
\scratchdimen=\dimen141
\scratchbox=\box48
\nofMPsegments=\count190
\nofMParguments=\count191
\everyMPshowfont=\toks16
\MPscratchCnt=\count192
\MPscratchDim=\dimen142
\MPnumerator=\count193
\makeMPintoPDFobject=\count194
\everyMPtoPDFconversion=\toks17
)
(C:\Users\Dr. Pacheco\AppData\Local\Programs\MiKTeX\tex/latex/epstopdf-pkg\epst
opdf-base.sty
Package: epstopdf-base 2020-01-24 v2.11 Base part for package epstopdf
Package epstopdf-base Info: Redefining graphics rule for `.eps' on input line 4
85.
)
LaTeX Font Info:    External font `cmex10' loaded for size
(Font)              <7> on input line 18.
LaTeX Font Info:    External font `cmex10' loaded for size
(Font)              <5> on input line 18.

Underfull \hbox (badness 10000) in paragraph at lines 18--23

 []

<Xbar_R_Paper.png, id=1, 346.896pt x 231.264pt>
File: Xbar_R_Paper.png Graphic file (type png)
<use Xbar_R_Paper.png>
Package pdftex.def Info: Xbar_R_Paper.png  used on input line 41.
(pdftex.def)             Requested size: 242.10439pt x 161.40376pt.
<IMR_Paper.png, id=3, 346.896pt x 231.264pt>
File: IMR_Paper.png Graphic file (type png)
<use IMR_Paper.png>
Package pdftex.def Info: IMR_Paper.png  used on input line 54.
(pdftex.def)             Requested size: 242.10439pt x 161.40376pt.
File: IMR_Paper.png Graphic file (type png)
<use IMR_Paper.png>
Package pdftex.def Info: IMR_Paper.png  used on input line 73.
(pdftex.def)             Requested size: 242.10439pt x 161.40376pt.
[1

{C:/Users/Dr. Pacheco/AppData/Local/MiKTeX/pdftex/config/pdftex.map} <./Xbar_R_
Paper.png> <./IMR_Paper.png>]
<Xbar_S_Paper.png, id=14, 346.896pt x 231.264pt>
File: Xbar_S_Paper.png Graphic file (type png)
<use Xbar_S_Paper.png>
Package pdftex.def Info: Xbar_S_Paper.png  used on input line 105.
(pdftex.def)             Requested size: 242.10439pt x 161.40376pt.
 [2 <./Xbar_S_Paper.png>]
Underfull \hbox (badness 10000) in paragraph at lines 126--131

 []

File: Xbar_R_Paper.png Graphic file (type png)
<use Xbar_R_Paper.png>
Package pdftex.def Info: Xbar_R_Paper.png  used on input line 149.
(pdftex.def)             Requested size: 242.10439pt x 161.40376pt.
File: IMR_Paper.png Graphic file (type png)
<use IMR_Paper.png>
Package pdftex.def Info: IMR_Paper.png  used on input line 162.
(pdftex.def)             Requested size: 242.10439pt x 161.40376pt.
File: IMR_Paper.png Graphic file (type png)
<use IMR_Paper.png>
Package pdftex.def Info: IMR_Paper.png  used on input line 181.
(pdftex.def)             Requested size: 242.10439pt x 161.40376pt.
[3]
File: Xbar_S_Paper.png Graphic file (type png)
<use Xbar_S_Paper.png>
Package pdftex.def Info: Xbar_S_Paper.png  used on input line 213.
(pdftex.def)             Requested size: 242.10439pt x 161.40376pt.
 [4]
Underfull \hbox (badness 10000) in paragraph at lines 234--239

 []

File: Xbar_R_Paper.png Graphic file (type png)
<use Xbar_R_Paper.png>
Package pdftex.def Info: Xbar_R_Paper.png  used on input line 257.
(pdftex.def)             Requested size: 242.10439pt x 161.40376pt.
File: IMR_Paper.png Graphic file (type png)
<use IMR_Paper.png>
Package pdftex.def Info: IMR_Paper.png  used on input line 270.
(pdftex.def)             Requested size: 242.10439pt x 161.40376pt.
File: IMR_Paper.png Graphic file (type png)
<use IMR_Paper.png>
Package pdftex.def Info: IMR_Paper.png  used on input line 289.
(pdftex.def)             Requested size: 242.10439pt x 161.40376pt.
[5]
File: Xbar_S_Paper.png Graphic file (type png)
<use Xbar_S_Paper.png>
Package pdftex.def Info: Xbar_S_Paper.png  used on input line 321.
(pdftex.def)             Requested size: 242.10439pt x 161.40376pt.
 [6]
Underfull \hbox (badness 10000) in paragraph at lines 342--347

 []

File: Xbar_R_Paper.png Graphic file (type png)
<use Xbar_R_Paper.png>
Package pdftex.def Info: Xbar_R_Paper.png  used on input line 365.
(pdftex.def)             Requested size: 242.10439pt x 161.40376pt.
File: IMR_Paper.png Graphic file (type png)
<use IMR_Paper.png>
Package pdftex.def Info: IMR_Paper.png  used on input line 378.
(pdftex.def)             Requested size: 242.10439pt x 161.40376pt.
File: IMR_Paper.png Graphic file (type png)
<use IMR_Paper.png>
Package pdftex.def Info: IMR_Paper.png  used on input line 397.
(pdftex.def)             Requested size: 242.10439pt x 161.40376pt.
[7]
File: Xbar_S_Paper.png Graphic file (type png)
<use Xbar_S_Paper.png>
Package pdftex.def Info: Xbar_S_Paper.png  used on input line 429.
(pdftex.def)             Requested size: 242.10439pt x 161.40376pt.
 [8]
Underfull \hbox (badness 10000) in paragraph at lines 450--455

 []

File: Xbar_R_Paper.png Graphic file (type png)
<use Xbar_R_Paper.png>
Package pdftex.def Info: Xbar_R_Paper.png  used on input line 473.
(pdftex.def)             Requested size: 242.10439pt x 161.40376pt.
File: IMR_Paper.png Graphic file (type png)
<use IMR_Paper.png>
Package pdftex.def Info: IMR_Paper.png  used on input line 486.
(pdftex.def)             Requested size: 242.10439pt x 161.40376pt.
File: IMR_Paper.png Graphic file (type png)
<use IMR_Paper.png>
Package pdftex.def Info: IMR_Paper.png  used on input line 505.
(pdftex.def)             Requested size: 242.10439pt x 161.40376pt.
[9]
File: Xbar_S_Paper.png Graphic file (type png)
<use Xbar_S_Paper.png>
Package pdftex.def Info: Xbar_S_Paper.png  used on input line 537.
(pdftex.def)             Requested size: 242.10439pt x 161.40376pt.
 [10]
Underfull \hbox (badness 10000) in paragraph at lines 558--563

 []

File: Xbar_R_Paper.png Graphic file (type png)
<use Xbar_R_Paper.png>
Package pdftex.def Info: Xbar_R_Paper.png  used on input line 581.
(pdftex.def)             Requested size: 242.10439pt x 161.40376pt.
File: IMR_Paper.png Graphic file (type png)
<use IMR_Paper.png>
Package pdftex.def Info: IMR_Paper.png  used on input line 594.
(pdftex.def)             Requested size: 242.10439pt x 161.40376pt.
File: IMR_Paper.png Graphic file (type png)
<use IMR_Paper.png>
Package pdftex.def Info: IMR_Paper.png  used on input line 613.
(pdftex.def)             Requested size: 242.10439pt x 161.40376pt.
[11]
File: Xbar_S_Paper.png Graphic file (type png)
<use Xbar_S_Paper.png>
Package pdftex.def Info: Xbar_S_Paper.png  used on input line 645.
(pdftex.def)             Requested size: 242.10439pt x 161.40376pt.
 [12]
Underfull \hbox (badness 10000) in paragraph at lines 666--671

 []

File: Xbar_R_Paper.png Graphic file (type png)
<use Xbar_R_Paper.png>
Package pdftex.def Info: Xbar_R_Paper.png  used on input line 689.
(pdftex.def)             Requested size: 242.10439pt x 161.40376pt.
File: IMR_Paper.png Graphic file (type png)
<use IMR_Paper.png>
Package pdftex.def Info: IMR_Paper.png  used on input line 702.
(pdftex.def)             Requested size: 242.10439pt x 161.40376pt.
File: IMR_Paper.png Graphic file (type png)
<use IMR_Paper.png>
Package pdftex.def Info: IMR_Paper.png  used on input line 721.
(pdftex.def)             Requested size: 242.10439pt x 161.40376pt.
[13]
File: Xbar_S_Paper.png Graphic file (type png)
<use Xbar_S_Paper.png>
Package pdftex.def Info: Xbar_S_Paper.png  used on input line 753.
(pdftex.def)             Requested size: 242.10439pt x 161.40376pt.
 [14]
Underfull \hbox (badness 10000) in paragraph at lines 774--779

 []

File: Xbar_R_Paper.png Graphic file (type png)
<use Xbar_R_Paper.png>
Package pdftex.def Info: Xbar_R_Paper.png  used on input line 797.
(pdftex.def)             Requested size: 242.10439pt x 161.40376pt.
File: IMR_Paper.png Graphic file (type png)
<use IMR_Paper.png>
Package pdftex.def Info: IMR_Paper.png  used on input line 810.
(pdftex.def)             Requested size: 242.10439pt x 161.40376pt.
File: IMR_Paper.png Graphic file (type png)
<use IMR_Paper.png>
Package pdftex.def Info: IMR_Paper.png  used on input line 829.
(pdftex.def)             Requested size: 242.10439pt x 161.40376pt.
[15]
File: Xbar_S_Paper.png Graphic file (type png)
<use Xbar_S_Paper.png>
Package pdftex.def Info: Xbar_S_Paper.png  used on input line 861.
(pdftex.def)             Requested size: 242.10439pt x 161.40376pt.
 [16]
Underfull \hbox (badness 10000) in paragraph at lines 882--887

 []

File: Xbar_R_Paper.png Graphic file (type png)
<use Xbar_R_Paper.png>
Package pdftex.def Info: Xbar_R_Paper.png  used on input line 905.
(pdftex.def)             Requested size: 242.10439pt x 161.40376pt.
File: IMR_Paper.png Graphic file (type png)
<use IMR_Paper.png>
Package pdftex.def Info: IMR_Paper.png  used on input line 918.
(pdftex.def)             Requested size: 242.10439pt x 161.40376pt.
File: IMR_Paper.png Graphic file (type png)
<use IMR_Paper.png>
Package pdftex.def Info: IMR_Paper.png  used on input line 937.
(pdftex.def)             Requested size: 242.10439pt x 161.40376pt.
[17]
File: Xbar_S_Paper.png Graphic file (type png)
<use Xbar_S_Paper.png>
Package pdftex.def Info: Xbar_S_Paper.png  used on input line 969.
(pdftex.def)             Requested size: 242.10439pt x 161.40376pt.
 [18]
Underfull \hbox (badness 10000) in paragraph at lines 990--995

 []

File: Xbar_R_Paper.png Graphic file (type png)
<use Xbar_R_Paper.png>
Package pdftex.def Info: Xbar_R_Paper.png  used on input line 1013.
(pdftex.def)             Requested size: 242.10439pt x 161.40376pt.
File: IMR_Paper.png Graphic file (type png)
<use IMR_Paper.png>
Package pdftex.def Info: IMR_Paper.png  used on input line 1026.
(pdftex.def)             Requested size: 242.10439pt x 161.40376pt.
File: IMR_Paper.png Graphic file (type png)
<use IMR_Paper.png>
Package pdftex.def Info: IMR_Paper.png  used on input line 1045.
(pdftex.def)             Requested size: 242.10439pt x 161.40376pt.
[19]
File: Xbar_S_Paper.png Graphic file (type png)
<use Xbar_S_Paper.png>
Package pdftex.def Info: Xbar_S_Paper.png  used on input line 1077.
(pdftex.def)             Requested size: 242.10439pt x 161.40376pt.
 [20]
Underfull \hbox (badness 10000) in paragraph at lines 1098--1103

 []

File: Xbar_R_Paper.png Graphic file (type png)
<use Xbar_R_Paper.png>
Package pdftex.def Info: Xbar_R_Paper.png  used on input line 1121.
(pdftex.def)             Requested size: 242.10439pt x 161.40376pt.
File: IMR_Paper.png Graphic file (type png)
<use IMR_Paper.png>
Package pdftex.def Info: IMR_Paper.png  used on input line 1134.
(pdftex.def)             Requested size: 242.10439pt x 161.40376pt.
File: IMR_Paper.png Graphic file (type png)
<use IMR_Paper.png>
Package pdftex.def Info: IMR_Paper.png  used on input line 1153.
(pdftex.def)             Requested size: 242.10439pt x 161.40376pt.
[21]
File: Xbar_S_Paper.png Graphic file (type png)
<use Xbar_S_Paper.png>
Package pdftex.def Info: Xbar_S_Paper.png  used on input line 1185.
(pdftex.def)             Requested size: 242.10439pt x 161.40376pt.
 [22]
Underfull \hbox (badness 10000) in paragraph at lines 1206--1211

 []

File: Xbar_R_Paper.png Graphic file (type png)
<use Xbar_R_Paper.png>
Package pdftex.def Info: Xbar_R_Paper.png  used on input line 1229.
(pdftex.def)             Requested size: 242.10439pt x 161.40376pt.
File: IMR_Paper.png Graphic file (type png)
<use IMR_Paper.png>
Package pdftex.def Info: IMR_Paper.png  used on input line 1242.
(pdftex.def)             Requested size: 242.10439pt x 161.40376pt.
File: IMR_Paper.png Graphic file (type png)
<use IMR_Paper.png>
Package pdftex.def Info: IMR_Paper.png  used on input line 1261.
(pdftex.def)             Requested size: 242.10439pt x 161.40376pt.
[23]
File: Xbar_S_Paper.png Graphic file (type png)
<use Xbar_S_Paper.png>
Package pdftex.def Info: Xbar_S_Paper.png  used on input line 1293.
(pdftex.def)             Requested size: 242.10439pt x 161.40376pt.
 [24]
Underfull \hbox (badness 10000) in paragraph at lines 1314--1319

 []

File: Xbar_R_Paper.png Graphic file (type png)
<use Xbar_R_Paper.png>
Package pdftex.def Info: Xbar_R_Paper.png  used on input line 1337.
(pdftex.def)             Requested size: 242.10439pt x 161.40376pt.
File: IMR_Paper.png Graphic file (type png)
<use IMR_Paper.png>
Package pdftex.def Info: IMR_Paper.png  used on input line 1350.
(pdftex.def)             Requested size: 242.10439pt x 161.40376pt.
File: IMR_Paper.png Graphic file (type png)
<use IMR_Paper.png>
Package pdftex.def Info: IMR_Paper.png  used on input line 1369.
(pdftex.def)             Requested size: 242.10439pt x 161.40376pt.
[25]
File: Xbar_S_Paper.png Graphic file (type png)
<use Xbar_S_Paper.png>
Package pdftex.def Info: Xbar_S_Paper.png  used on input line 1401.
(pdftex.def)             Requested size: 242.10439pt x 161.40376pt.
 [26]
Underfull \hbox (badness 10000) in paragraph at lines 1422--1427

 []

File: Xbar_R_Paper.png Graphic file (type png)
<use Xbar_R_Paper.png>
Package pdftex.def Info: Xbar_R_Paper.png  used on input line 1445.
(pdftex.def)             Requested size: 242.10439pt x 161.40376pt.
File: IMR_Paper.png Graphic file (type png)
<use IMR_Paper.png>
Package pdftex.def Info: IMR_Paper.png  used on input line 1458.
(pdftex.def)             Requested size: 242.10439pt x 161.40376pt.
File: IMR_Paper.png Graphic file (type png)
<use IMR_Paper.png>
Package pdftex.def Info: IMR_Paper.png  used on input line 1477.
(pdftex.def)             Requested size: 242.10439pt x 161.40376pt.
[27]
File: Xbar_S_Paper.png Graphic file (type png)
<use Xbar_S_Paper.png>
Package pdftex.def Info: Xbar_S_Paper.png  used on input line 1509.
(pdftex.def)             Requested size: 242.10439pt x 161.40376pt.
 [28]
Underfull \hbox (badness 10000) in paragraph at lines 1530--1535

 []

File: Xbar_R_Paper.png Graphic file (type png)
<use Xbar_R_Paper.png>
Package pdftex.def Info: Xbar_R_Paper.png  used on input line 1553.
(pdftex.def)             Requested size: 242.10439pt x 161.40376pt.
File: IMR_Paper.png Graphic file (type png)
<use IMR_Paper.png>
Package pdftex.def Info: IMR_Paper.png  used on input line 1566.
(pdftex.def)             Requested size: 242.10439pt x 161.40376pt.
File: IMR_Paper.png Graphic file (type png)
<use IMR_Paper.png>
Package pdftex.def Info: IMR_Paper.png  used on input line 1585.
(pdftex.def)             Requested size: 242.10439pt x 161.40376pt.
[29]
File: Xbar_S_Paper.png Graphic file (type png)
<use Xbar_S_Paper.png>
Package pdftex.def Info: Xbar_S_Paper.png  used on input line 1617.
(pdftex.def)             Requested size: 242.10439pt x 161.40376pt.
 [30]
Underfull \hbox (badness 10000) in paragraph at lines 1638--1643

 []

File: Xbar_R_Paper.png Graphic file (type png)
<use Xbar_R_Paper.png>
Package pdftex.def Info: Xbar_R_Paper.png  used on input line 1661.
(pdftex.def)             Requested size: 242.10439pt x 161.40376pt.
File: IMR_Paper.png Graphic file (type png)
<use IMR_Paper.png>
Package pdftex.def Info: IMR_Paper.png  used on input line 1674.
(pdftex.def)             Requested size: 242.10439pt x 161.40376pt.
File: IMR_Paper.png Graphic file (type png)
<use IMR_Paper.png>
Package pdftex.def Info: IMR_Paper.png  used on input line 1693.
(pdftex.def)             Requested size: 242.10439pt x 161.40376pt.
[31]
File: Xbar_S_Paper.png Graphic file (type png)
<use Xbar_S_Paper.png>
Package pdftex.def Info: Xbar_S_Paper.png  used on input line 1725.
(pdftex.def)             Requested size: 242.10439pt x 161.40376pt.
 [32]
Underfull \hbox (badness 10000) in paragraph at lines 1746--1751

 []

File: Xbar_R_Paper.png Graphic file (type png)
<use Xbar_R_Paper.png>
Package pdftex.def Info: Xbar_R_Paper.png  used on input line 1769.
(pdftex.def)             Requested size: 242.10439pt x 161.40376pt.
File: IMR_Paper.png Graphic file (type png)
<use IMR_Paper.png>
Package pdftex.def Info: IMR_Paper.png  used on input line 1782.
(pdftex.def)             Requested size: 242.10439pt x 161.40376pt.
File: IMR_Paper.png Graphic file (type png)
<use IMR_Paper.png>
Package pdftex.def Info: IMR_Paper.png  used on input line 1801.
(pdftex.def)             Requested size: 242.10439pt x 161.40376pt.
[33]
File: Xbar_S_Paper.png Graphic file (type png)
<use Xbar_S_Paper.png>
Package pdftex.def Info: Xbar_S_Paper.png  used on input line 1833.
(pdftex.def)             Requested size: 242.10439pt x 161.40376pt.
 [34]
Underfull \hbox (badness 10000) in paragraph at lines 1854--1859

 []

File: Xbar_R_Paper.png Graphic file (type png)
<use Xbar_R_Paper.png>
Package pdftex.def Info: Xbar_R_Paper.png  used on input line 1877.
(pdftex.def)             Requested size: 242.10439pt x 161.40376pt.
File: IMR_Paper.png Graphic file (type png)
<use IMR_Paper.png>
Package pdftex.def Info: IMR_Paper.png  used on input line 1890.
(pdftex.def)             Requested size: 242.10439pt x 161.40376pt.
File: IMR_Paper.png Graphic file (type png)
<use IMR_Paper.png>
Package pdftex.def Info: IMR_Paper.png  used on input line 1909.
(pdftex.def)             Requested size: 242.10439pt x 161.40376pt.
[35]
File: Xbar_S_Paper.png Graphic file (type png)
<use Xbar_S_Paper.png>
Package pdftex.def Info: Xbar_S_Paper.png  used on input line 1941.
(pdftex.def)             Requested size: 242.10439pt x 161.40376pt.
 [36]
Underfull \hbox (badness 10000) in paragraph at lines 1962--1967

 []

File: Xbar_R_Paper.png Graphic file (type png)
<use Xbar_R_Paper.png>
Package pdftex.def Info: Xbar_R_Paper.png  used on input line 1985.
(pdftex.def)             Requested size: 242.10439pt x 161.40376pt.
File: IMR_Paper.png Graphic file (type png)
<use IMR_Paper.png>
Package pdftex.def Info: IMR_Paper.png  used on input line 1998.
(pdftex.def)             Requested size: 242.10439pt x 161.40376pt.
File: IMR_Paper.png Graphic file (type png)
<use IMR_Paper.png>
Package pdftex.def Info: IMR_Paper.png  used on input line 2017.
(pdftex.def)             Requested size: 242.10439pt x 161.40376pt.
[37]
File: Xbar_S_Paper.png Graphic file (type png)
<use Xbar_S_Paper.png>
Package pdftex.def Info: Xbar_S_Paper.png  used on input line 2049.
(pdftex.def)             Requested size: 242.10439pt x 161.40376pt.
 [38]
Underfull \hbox (badness 10000) in paragraph at lines 2070--2075

 []

File: Xbar_R_Paper.png Graphic file (type png)
<use Xbar_R_Paper.png>
Package pdftex.def Info: Xbar_R_Paper.png  used on input line 2093.
(pdftex.def)             Requested size: 242.10439pt x 161.40376pt.
File: IMR_Paper.png Graphic file (type png)
<use IMR_Paper.png>
Package pdftex.def Info: IMR_Paper.png  used on input line 2106.
(pdftex.def)             Requested size: 242.10439pt x 161.40376pt.
File: IMR_Paper.png Graphic file (type png)
<use IMR_Paper.png>
Package pdftex.def Info: IMR_Paper.png  used on input line 2125.
(pdftex.def)             Requested size: 242.10439pt x 161.40376pt.
[39]
File: Xbar_S_Paper.png Graphic file (type png)
<use Xbar_S_Paper.png>
Package pdftex.def Info: Xbar_S_Paper.png  used on input line 2157.
(pdftex.def)             Requested size: 242.10439pt x 161.40376pt.
 [40] (Examenes.aux) ) 
Here is how much of TeX's memory you used:
 1205 strings out of 479334
 18731 string characters out of 2854196
 309810 words of memory out of 3000000
 18705 multiletter control sequences out of 15000+200000
 403738 words of font info for 28 fonts, out of 3000000 for 9000
 1141 hyphenation exceptions out of 8191
 68i,7n,74p,201b,295s stack positions out of 5000i,500n,10000p,200000b,50000s
<C:/Users/Dr. Pacheco/AppData/Local/Programs/MiKTeX/fonts
/type1/public/amsfonts/cm/cmbx10.pfb><C:/Users/Dr. Pacheco/AppData/Local/Progra
ms/MiKTeX/fonts/type1/public/amsfonts/cm/cmmi10.pfb><C:/Users/Dr. Pacheco/AppDa
ta/Local/Programs/MiKTeX/fonts/type1/public/amsfonts/cm/cmr10.pfb><C:/Users/Dr.
 Pacheco/AppData/Local/Programs/MiKTeX/fonts/type1/public/amsfonts/cm/cmsy10.pf
b>
Output written on Examenes.pdf (40 pages, 168762 bytes).
PDF statistics:
 155 PDF objects out of 1000 (max. 8388607)
 0 named destinations out of 1000 (max. 500000)
 16 words of extra memory for PDF output out of 10000 (max. 10000000)

